Asmc Macro Assembler Version 2.33.27
D:\Asmc\source\libs\lib32\stdio\_fileno.asm
                                ; _FILENO.ASM--
                                ;
                                ; Copyright (c) The Asmc Contributors. All rights reserved.
                                ; Consult your license regarding permissions and restrictions.
                                ;

                                include stdio.inc
                              C ifndef __STDIO_INC
 = 0                          C define __STDIO_INC
                              C endif

                                .code
00000000                    *   _TEXT segment
                            *   assume cs:FLAT

00000000                        _fileno proc fp:LPFILE
00000000  55                *    push ebp
00000001  8BEC              *    mov ebp, esp
00000003  8B4508                    mov eax,fp
00000006  8B4010                    mov eax,[eax].FILE._file
00000009                            ret
00000009  5D                *   pop ebp
0000000A  C3                *   retn 
0000000B                        _fileno endp

                                    end
0000000B                    *   _TEXT ends


Macros:

                N a m e                 Type

@CStr  . . . . . . . . . . . . .        Func
@CatStr  . . . . . . . . . . . .        Func
@ComAlloc  . . . . . . . . . . .        Func
@Environ . . . . . . . . . . . .        Func
@InStr . . . . . . . . . . . . .        Func
@SizeStr . . . . . . . . . . . .        Func
@SubStr  . . . . . . . . . . . .        Func
CALLBACK . . . . . . . . . . . .        Func
CALLBACKC  . . . . . . . . . . .        Func
UNREFERENCED_PARAMETER . . . . .        Func
typeid . . . . . . . . . . . . .        Func


Structures and Unions:

                N a m e                 Size/Ofs   Type

_iobuf . . . . . . . . . . . . .              20 (4)
  _ptr . . . . . . . . . . . . .               0   LPSTR
  _cnt . . . . . . . . . . . . .               4   SINT
  _base  . . . . . . . . . . . .               8   LPSTR
  _flag  . . . . . . . . . . . .               C   SINT
  _file  . . . . . . . . . . . .              10   SINT
  _charbuf . . . . . . . . . . .              14   SINT
  _bufsiz  . . . . . . . . . . .              18   SINT
  _tmpfname  . . . . . . . . . .              1C   LPSTR


Types:

                N a m e                 Size    Attr

FILE . . . . . . . . . . . . . .          32  _iobuf
HANDLE . . . . . . . . . . . . .           4  Near32 Ptr 
LPBYTE . . . . . . . . . . . . .           4  Near32 Ptr Byte
LPDWORD  . . . . . . . . . . . .           4  Near32 Ptr DWord
LPFILE . . . . . . . . . . . . .           4  Near32 Ptr _iobuf
LPQWORD  . . . . . . . . . . . .           4  Near32 Ptr QWord
LPSTR  . . . . . . . . . . . . .           4  Near32 Ptr Byte
LPTSTR . . . . . . . . . . . . .           4  Near32 Ptr Byte
LPWORD . . . . . . . . . . . . .           4  Near32 Ptr Word
LPWSTR . . . . . . . . . . . . .           4  Near32 Ptr Word
PTBYTE . . . . . . . . . . . . .           4  Near32 Ptr Byte
PTCHAR . . . . . . . . . . . . .           4  Near32 Ptr Byte
PVOID  . . . . . . . . . . . . .           4  Near32 Ptr 
SINT . . . . . . . . . . . . . .           4  DWord
SIZE_T . . . . . . . . . . . . .           4  DWord
TCHAR  . . . . . . . . . . . . .           1  Byte
UINT . . . . . . . . . . . . . .           4  DWord
ULONG  . . . . . . . . . . . . .           4  DWord
array_t  . . . . . . . . . . . .           4  Near32 Ptr Near32 Ptr Byte
bool . . . . . . . . . . . . . .           4  DWord
char_t . . . . . . . . . . . . .           1  Byte
int128_t . . . . . . . . . . . .          16  XmmWord
int16_t  . . . . . . . . . . . .           2  Word
int32_t  . . . . . . . . . . . .           4  DWord
int64_t  . . . . . . . . . . . .           8  QWord
int8_t . . . . . . . . . . . . .           1  Byte
int_t  . . . . . . . . . . . . .           4  DWord
long_t . . . . . . . . . . . . .           4  DWord
ptr_t  . . . . . . . . . . . . .           4  Near32 Ptr 
short_t  . . . . . . . . . . . .           2  Word
size_t . . . . . . . . . . . . .           4  DWord
string_t . . . . . . . . . . . .           4  Near32 Ptr Byte
uchar_t  . . . . . . . . . . . .           1  Byte
uint128_t  . . . . . . . . . . .          16  XmmWord
uint16_t . . . . . . . . . . . .           2  Word
uint32_t . . . . . . . . . . . .           4  DWord
uint64_t . . . . . . . . . . . .           8  QWord
uint8_t  . . . . . . . . . . . .           1  Byte
uint_t . . . . . . . . . . . . .           4  DWord
ulong_t  . . . . . . . . . . . .           4  DWord
ushort_t . . . . . . . . . . . .           2  Word
ustring_t  . . . . . . . . . . .           4  Near32 Ptr Byte
warray_t . . . . . . . . . . . .           4  Near32 Ptr Near32 Ptr Word
wchar_t  . . . . . . . . . . . .           2  Word
wctype_t . . . . . . . . . . . .           2  Word
wint_t . . . . . . . . . . . . .           2  Word
wstring_t  . . . . . . . . . . .           4  Near32 Ptr Word


Segments and Groups:

                N a m e                 Size     Length   Align   Combine Class

FLAT . . . . . . . . . . . . . .        GROUP
_DATA  . . . . . . . . . . . . .        32 Bit   00000000 Para    Public  'DATA'
_TEXT  . . . . . . . . . . . . .        32 Bit   0000000B Para    Public  'CODE'


Procedures, parameters and locals:

                N a m e                 Type     Value    Segment  Length

_fgetwchar . . . . . . . . . . .        P Near32 00000000 No Seg   *X *External C
_filbuf  . . . . . . . . . . . .        P Near32 00000000 No Seg   *X *External C
_fileno  . . . . . . . . . . . .        P Near   00000000 _TEXT    *X Public   C
  fp . . . . . . . . . . . . . .        Near32            ebp + 0008
_filwbuf . . . . . . . . . . . .        P Near32 00000000 No Seg   *X *External C
_flsbuf  . . . . . . . . . . . .        P Near32 00000000 No Seg   *X *External C
_flswbuf . . . . . . . . . . . .        P Near32 00000000 No Seg   *X *External C
_flushall  . . . . . . . . . . .        P Near32 00000000 No Seg   *X *External C
_fputchar  . . . . . . . . . . .        P Near32 00000000 No Seg   *X *External C
_fputwchar . . . . . . . . . . .        P Near32 00000000 No Seg   *X *External C
_freebuf . . . . . . . . . . . .        P Near32 00000000 No Seg   *X *External C
_ftbuf . . . . . . . . . . . . .        P Near32 00000000 No Seg   *X *External C
_getbuf  . . . . . . . . . . . .        P Near32 00000000 No Seg   *X *External C
_getst . . . . . . . . . . . . .        P Near32 00000000 No Seg   *X *External C
_getws . . . . . . . . . . . . .        P Near32 00000000 No Seg   *X *External C
_openfile  . . . . . . . . . . .        P Near32 00000000 No Seg   *X *External C
_output  . . . . . . . . . . . .        P Near32 00000000 No Seg   *X *External C
_putws . . . . . . . . . . . . .        P Near32 00000000 No Seg   *X *External C
_snwprintf . . . . . . . . . . .        P Near32 00000000 No Seg   *X *External C
_stbuf . . . . . . . . . . . . .        P Near32 00000000 No Seg   *X *External C
_vsnprintf . . . . . . . . . . .        P Near32 00000000 No Seg   *X *External C
_vsnwprintf  . . . . . . . . . .        P Near32 00000000 No Seg   *X *External C
_wfdopen . . . . . . . . . . . .        P Near32 00000000 No Seg   *X *External C
_wfopen  . . . . . . . . . . . .        P Near32 00000000 No Seg   *X *External C
_wfreopen  . . . . . . . . . . .        P Near32 00000000 No Seg   *X *External C
_wfsopenproto  . . . . . . . . .        P Near32 00000000 No Seg   *X *External C
_woutput . . . . . . . . . . . .        P Near32 00000000 No Seg   *X *External C
_wperror . . . . . . . . . . . .        P Near32 00000000 No Seg   *X *External C
_wpopen  . . . . . . . . . . . .        P Near32 00000000 No Seg   *X *External C
_wremove . . . . . . . . . . . .        P Near32 00000000 No Seg   *X *External C
_wtempnam  . . . . . . . . . . .        P Near32 00000000 No Seg   *X *External C
_wtmpnam . . . . . . . . . . . .        P Near32 00000000 No Seg   *X *External C
assert_exit  . . . . . . . . . .        P Near32 00000000 No Seg   *X *External C
fclose . . . . . . . . . . . . .        P Near32 00000000 No Seg   *X *External C
feof . . . . . . . . . . . . . .        P Near32 00000000 No Seg   *X *External C
fflush . . . . . . . . . . . . .        P Near32 00000000 No Seg   *X *External C
fgetc  . . . . . . . . . . . . .        P Near32 00000000 No Seg   *X *External C
fgets  . . . . . . . . . . . . .        P Near32 00000000 No Seg   *X *External C
fgetwc . . . . . . . . . . . . .        P Near32 00000000 No Seg   *X *External C
fgetws . . . . . . . . . . . . .        P Near32 00000000 No Seg   *X *External C
fopen  . . . . . . . . . . . . .        P Near32 00000000 No Seg   *X *External C
fopen_s  . . . . . . . . . . . .        P Near32 00000000 No Seg   *X *External C
fprintf  . . . . . . . . . . . .        P Near32 00000000 No Seg   *X *External C
fputc  . . . . . . . . . . . . .        P Near32 00000000 No Seg   *X *External C
fputs  . . . . . . . . . . . . .        P Near32 00000000 No Seg   *X *External C
fputwc . . . . . . . . . . . . .        P Near32 00000000 No Seg   *X *External C
fputws . . . . . . . . . . . . .        P Near32 00000000 No Seg   *X *External C
fread  . . . . . . . . . . . . .        P Near32 00000000 No Seg   *X *External C
fseek  . . . . . . . . . . . . .        P Near32 00000000 No Seg   *X *External C
ftell  . . . . . . . . . . . . .        P Near32 00000000 No Seg   *X *External C
ftobufin . . . . . . . . . . . .        P Near32 00000000 No Seg   *X *External C
fwprintf . . . . . . . . . . . .        P Near32 00000000 No Seg   *X *External C
fwrite . . . . . . . . . . . . .        P Near32 00000000 No Seg   *X *External C
fwscanf  . . . . . . . . . . . .        P Near32 00000000 No Seg   *X *External C
getc . . . . . . . . . . . . . .        P Near32 00000000 No Seg   *X *External C
getwc  . . . . . . . . . . . . .        P Near32 00000000 No Seg   *X *External C
getwchar . . . . . . . . . . . .        P Near32 00000000 No Seg   *X *External C
perror . . . . . . . . . . . . .        P Near32 00000000 No Seg   *X *External C
printf . . . . . . . . . . . . .        P Near32 00000000 No Seg   *X *External C
puts . . . . . . . . . . . . . .        P Near32 00000000 No Seg   *X *External C
putwc  . . . . . . . . . . . . .        P Near32 00000000 No Seg   *X *External C
putwchar . . . . . . . . . . . .        P Near32 00000000 No Seg   *X *External C
rewind . . . . . . . . . . . . .        P Near32 00000000 No Seg   *X *External C
scanf  . . . . . . . . . . . . .        P Near32 00000000 No Seg   *X *External C
setbuf . . . . . . . . . . . . .        P Near32 00000000 No Seg   *X *External C
setvbuf  . . . . . . . . . . . .        P Near32 00000000 No Seg   *X *External C
sprintf  . . . . . . . . . . . .        P Near32 00000000 No Seg   *X *External C
swprintf . . . . . . . . . . . .        P Near32 00000000 No Seg   *X *External C
swprintf_s . . . . . . . . . . .        P Near32 00000000 No Seg   *X *External C
swscanf  . . . . . . . . . . . .        P Near32 00000000 No Seg   *X *External C
swscanf_s  . . . . . . . . . . .        P Near32 00000000 No Seg   *X *External C
ungetc . . . . . . . . . . . . .        P Near32 00000000 No Seg   *X *External C
ungetwc  . . . . . . . . . . . .        P Near32 00000000 No Seg   *X *External C
vfprintf . . . . . . . . . . . .        P Near32 00000000 No Seg   *X *External C
vfwprintf  . . . . . . . . . . .        P Near32 00000000 No Seg   *X *External C
vsprintf . . . . . . . . . . . .        P Near32 00000000 No Seg   *X *External C
vswprintf  . . . . . . . . . . .        P Near32 00000000 No Seg   *X *External C
vwprintf . . . . . . . . . . . .        P Near32 00000000 No Seg   *X *External C
wprintf  . . . . . . . . . . . .        P Near32 00000000 No Seg   *X *External C
wscanf . . . . . . . . . . . . .        P Near32 00000000 No Seg   *X *External C


Symbols:

                N a m e                 Type       Value     Attr

@CodeSize  . . . . . . . . . . .        Number             0h 
@DataSize  . . . . . . . . . . .        Number             0h 
@Interface . . . . . . . . . . .        Number             1h 
@Model . . . . . . . . . . . . .        Number             7h 
@code  . . . . . . . . . . . . .        Text   _TEXT
@data  . . . . . . . . . . . . .        Text   FLAT
@stack . . . . . . . . . . . . .        Text   FLAT
EOF  . . . . . . . . . . . . . .        Number     -00000001h 
FALSE  . . . . . . . . . . . . .        Number             0h 
FILENAME_MAX . . . . . . . . . .        Number           104h 
NTDDI_VERSION  . . . . . . . . .        Number       6010000h 
NTDDI_WIN2003  . . . . . . . . .        Number       5000000h 
NULL . . . . . . . . . . . . . .        Number             0h 
PSAPI_VERSION  . . . . . . . . .        Number             0h 
SEEK_CUR . . . . . . . . . . . .        Number             1h 
SEEK_END . . . . . . . . . . . .        Number             2h 
SEEK_SET . . . . . . . . . . . .        Number             0h 
TRUE . . . . . . . . . . . . . .        Number             1h 
WINAPI . . . . . . . . . . . . .        Text   stdcall
WINVER . . . . . . . . . . . . .        Number           601h 
_CALLBACK_DEFINED  . . . . . . .        Number             0h 
_CDecl . . . . . . . . . . . . .        Text   c
_CType . . . . . . . . . . . . .        Text   c
_FILE_DEFINED  . . . . . . . . .        Number             0h 
_INC_SDKDDKVER . . . . . . . . .        Number             0h 
_INTIOBUF  . . . . . . . . . . .        Number          1000h 
_IOCOMMIT  . . . . . . . . . . .        Number          4000h 
_IOCTRLZ . . . . . . . . . . . .        Number          2000h 
_IOEOF . . . . . . . . . . . . .        Number            10h 
_IOERR . . . . . . . . . . . . .        Number            20h 
_IOFBF . . . . . . . . . . . . .        Number             0h 
_IOFEOF  . . . . . . . . . . . .        Number           800h 
_IOFLRTN . . . . . . . . . . . .        Number          1000h 
_IOLBF . . . . . . . . . . . . .        Number            40h 
_IOMYBUF . . . . . . . . . . . .        Number             8h 
_IONBF . . . . . . . . . . . . .        Number             4h 
_IOREAD  . . . . . . . . . . . .        Number             1h 
_IORW  . . . . . . . . . . . . .        Number            80h 
_IOSETVBUF . . . . . . . . . . .        Number           400h 
_IOSTRG  . . . . . . . . . . . .        Number            40h 
_IOWRT . . . . . . . . . . . . .        Number             2h 
_IOYOURBUF . . . . . . . . . . .        Number           100h 
_MAXIOBUF  . . . . . . . . . . .        Number          4000h 
_MINIOBUF  . . . . . . . . . . .        Number           200h 
_MSC_FULL_VER  . . . . . . . . .        Number       A21FE80h 
_MSC_VER . . . . . . . . . . . .        Number           6A4h 
_M_IX86  . . . . . . . . . . . .        Number           258h 
_NSTREAM_  . . . . . . . . . . .        Number            14h 
_REGS6432  . . . . . . . . . . .        Number             0h 
_TCHAR_DEFINED . . . . . . . . .        Number             0h 
_WCHAR_T_DEFINED . . . . . . . .        Number             0h 
_WCTYPE_T_DEFINED  . . . . . . .        Number             0h 
_WIN32 . . . . . . . . . . . . .        Number             0h 
_WIN32_IE  . . . . . . . . . . .        Number           800h 
_WIN32_WINDOWS . . . . . . . . .        Number           410h 
_WIN32_WINNT . . . . . . . . . .        Number           601h 
_WINNT_WINNT . . . . . . . . . .        Number           601h 
_WSTDIO_DEFINED  . . . . . . . .        Number             0h 
_X86_  . . . . . . . . . . . . .        Number             0h 
__LIBC_INC . . . . . . . . . . .        Number             0h 
__LIBC__ . . . . . . . . . . . .        Number            E8h 
__STDC__ . . . . . . . . . . . .        Number             0h 
__STDIO_INC  . . . . . . . . . .        Number             0h 
__cdecl  . . . . . . . . . . . .        Text   c
_bufin . . . . . . . . . . . . .        Byte               0h *External C
_iob . . . . . . . . . . . . . .        _iobuf             0h *External C
_osfhnd  . . . . . . . . . . . .        Near32             0h *External C
false  . . . . . . . . . . . . .        Number             0h 
hStdError  . . . . . . . . . . .        Near32             0h *External C
hStdInput  . . . . . . . . . . .        Near32             0h *External C
hStdOutput . . . . . . . . . . .        Near32             0h *External C
nullptr  . . . . . . . . . . . .        Number             0h 
rax  . . . . . . . . . . . . . .        Text   eax
rbp  . . . . . . . . . . . . . .        Text   ebp
rbx  . . . . . . . . . . . . . .        Text   ebx
rcx  . . . . . . . . . . . . . .        Text   ecx
rdi  . . . . . . . . . . . . . .        Text   edi
rdx  . . . . . . . . . . . . . .        Text   edx
rsi  . . . . . . . . . . . . . .        Text   esi
rsp  . . . . . . . . . . . . . .        Text   esp
stderr . . . . . . . . . . . . .        _iobuf             0h *External C
stdin  . . . . . . . . . . . . .        Text   _iob
stdout . . . . . . . . . . . . .        _iobuf             0h *External C
true . . . . . . . . . . . . . .        Number             1h 

