Asmc Macro Assembler (x64) Version 2.34.25  03/14/23 12:03:14 - First Pass
C:\Asmc\source\libc\stdio\_bufin.asm
00000000                    *   _TEXT segment PARA FLAT PUBLIC 'CODE'
                            *   _TEXT ends
00000000                    *   _DATA segment PARA FLAT PUBLIC 'DATA'
                            *   _DATA ends
                            *   assume cs:flat,ds:flat,ss:flat,es:flat,fs:ERROR,gs:NOTHING
                                ; _BUFIN.ASM--
                                ;
                                ; Copyright (c) The Asmc Contributors. All rights reserved.
                                ; Consult your license regarding permissions and restrictions.
                                ;

                                include stdio.inc
                              C ifndef __STDIO_INC
 = 0                          C define __STDIO_INC
                              C endif

                                .data
00000000                    *   _DATA segment
                            *   assume cs:ERROR
00000000                        _bufin db _INTIOBUF dup(0)

                                    end
                            *   _DATA ends

Asmc Macro Assembler (x64) Version 2.34.25  03/14/23 12:03:14
C:\Asmc\source\libc\stdio\_bufin.asm

                                .data
00000000                    *   _DATA segment
                            *   assume cs:ERROR
00000000  000000000000000000    _bufin db _INTIOBUF dup(0)
                                    end
00001000                    *   _DATA ends


Macros:

                N a m e                 Type

@CStr  . . . . . . . . . . . . .        Func
@CatStr  . . . . . . . . . . . .        Func
@ComAlloc  . . . . . . . . . . .        Func
@Environ . . . . . . . . . . . .        Func
@InStr . . . . . . . . . . . . .        Func
@SizeStr . . . . . . . . . . . .        Func
@SubStr  . . . . . . . . . . . .        Func
CALLBACK . . . . . . . . . . . .        Func
CALLBACKC  . . . . . . . . . . .        Func
OSVER  . . . . . . . . . . . . .        Func
SPVER  . . . . . . . . . . . . .        Func
SUBVER . . . . . . . . . . . . .        Func
UNREFERENCED_PARAMETER . . . . .        Func
typeid . . . . . . . . . . . . .        Func


Structures and Unions:

                N a m e                 Size/Ofs   Type

_iobuf . . . . . . . . . . . . .              30 (8)
  _ptr . . . . . . . . . . . . .               0   LPSTR
  _cnt . . . . . . . . . . . . .               8   SINT
  _base  . . . . . . . . . . . .              10   LPSTR
  _flag  . . . . . . . . . . . .              18   SINT
  _file  . . . . . . . . . . . .              1C   SINT
  _charbuf . . . . . . . . . . .              20   SINT
  _bufsiz  . . . . . . . . . . .              24   SINT
  _tmpfname  . . . . . . . . . .              28   LPSTR


Types:

                N a m e                 Size    Attr

FILE . . . . . . . . . . . . . .          48  _iobuf
HANDLE . . . . . . . . . . . . .           8  Near Ptr 
LPBYTE . . . . . . . . . . . . .           8  Near Ptr Byte
LPDWORD  . . . . . . . . . . . .           8  Near Ptr DWord
LPFILE . . . . . . . . . . . . .           8  Near Ptr _iobuf
LPQWORD  . . . . . . . . . . . .           8  Near Ptr QWord
LPSTR  . . . . . . . . . . . . .           8  Near Ptr Byte
LPTSTR . . . . . . . . . . . . .           8  Near Ptr Byte
LPWORD . . . . . . . . . . . . .           8  Near Ptr Word
LPWSTR . . . . . . . . . . . . .           8  Near Ptr Word
PTBYTE . . . . . . . . . . . . .           8  Near Ptr Byte
PTCHAR . . . . . . . . . . . . .           8  Near Ptr Byte
PVOID  . . . . . . . . . . . . .           8  Near Ptr 
SINT . . . . . . . . . . . . . .           4  DWord
SIZE_T . . . . . . . . . . . . .           8  QWord
TCHAR  . . . . . . . . . . . . .           1  Byte
UINT . . . . . . . . . . . . . .           4  DWord
ULONG  . . . . . . . . . . . . .           4  DWord
array_t  . . . . . . . . . . . .           8  Near Ptr Near Ptr Byte
bool . . . . . . . . . . . . . .           4  DWord
char_t . . . . . . . . . . . . .           1  Byte
double_t . . . . . . . . . . . .           8  QWord
errno_t  . . . . . . . . . . . .           4  DWord
float_t  . . . . . . . . . . . .           4  DWord
half_t . . . . . . . . . . . . .           2  Word
int128_t . . . . . . . . . . . .          16  XmmWord
int16_t  . . . . . . . . . . . .           2  Word
int32_t  . . . . . . . . . . . .           4  DWord
int64_t  . . . . . . . . . . . .           8  QWord
int8_t . . . . . . . . . . . . .           1  Byte
int_t  . . . . . . . . . . . . .           4  DWord
intptr_t . . . . . . . . . . . .           8  QWord
ldouble_t  . . . . . . . . . . .          10  TByte
long_t . . . . . . . . . . . . .           4  DWord
ptr_t  . . . . . . . . . . . . .           8  Near Ptr 
qfloat_t . . . . . . . . . . . .          16  XmmWord
short_t  . . . . . . . . . . . .           2  Word
size_t . . . . . . . . . . . . .           8  QWord
string_t . . . . . . . . . . . .           8  Near Ptr Byte
uchar_t  . . . . . . . . . . . .           1  Byte
uint128_t  . . . . . . . . . . .          16  XmmWord
uint16_t . . . . . . . . . . . .           2  Word
uint32_t . . . . . . . . . . . .           4  DWord
uint64_t . . . . . . . . . . . .           8  QWord
uint8_t  . . . . . . . . . . . .           1  Byte
uint_t . . . . . . . . . . . . .           4  DWord
ulong_t  . . . . . . . . . . . .           4  DWord
ushort_t . . . . . . . . . . . .           2  Word
ustring_t  . . . . . . . . . . .           8  Near Ptr Byte
warray_t . . . . . . . . . . . .           8  Near Ptr Near Ptr Word
wchar_t  . . . . . . . . . . . .           2  Word
wctype_t . . . . . . . . . . . .           2  Word
wint_t . . . . . . . . . . . . .           2  Word
wstring_t  . . . . . . . . . . .           8  Near Ptr Word


Segments and Groups:

                N a m e                 Size     Length   Align   Combine Class

FLAT . . . . . . . . . . . . . .        GROUP
_DATA  . . . . . . . . . . . . .        64 Bit   00001000 Para    Public  'DATA'
_TEXT  . . . . . . . . . . . . .        64 Bit   00000000 Para    Public  'CODE'


Procedures, parameters and locals:

                N a m e                 Type     Value    Segment  Length

_fgetwchar . . . . . . . . . . .        P Near64 00000000 No Seg   *X *External FASTCALL
_filbuf  . . . . . . . . . . . .        P Near64 00000000 No Seg   *X *External FASTCALL
_fileno  . . . . . . . . . . . .        P Near64 00000000 No Seg   *X *External FASTCALL
_filwbuf . . . . . . . . . . . .        P Near64 00000000 No Seg   *X *External FASTCALL
_flsbuf  . . . . . . . . . . . .        P Near64 00000000 No Seg   *X *External FASTCALL
_flswbuf . . . . . . . . . . . .        P Near64 00000000 No Seg   *X *External FASTCALL
_flushall  . . . . . . . . . . .        P Near64 00000000 No Seg   *X *External FASTCALL
_fputchar  . . . . . . . . . . .        P Near64 00000000 No Seg   *X *External FASTCALL
_fputwchar . . . . . . . . . . .        P Near64 00000000 No Seg   *X *External FASTCALL
_freebuf . . . . . . . . . . . .        P Near64 00000000 No Seg   *X *External FASTCALL
_ftbuf . . . . . . . . . . . . .        P Near64 00000000 No Seg   *X *External FASTCALL
_getbuf  . . . . . . . . . . . .        P Near64 00000000 No Seg   *X *External FASTCALL
_getst . . . . . . . . . . . . .        P Near64 00000000 No Seg   *X *External FASTCALL
_getws . . . . . . . . . . . . .        P Near64 00000000 No Seg   *X *External FASTCALL
_openfile  . . . . . . . . . . .        P Near64 00000000 No Seg   *X *External FASTCALL
_output  . . . . . . . . . . . .        P Near64 00000000 No Seg   *X *External FASTCALL
_putws . . . . . . . . . . . . .        P Near64 00000000 No Seg   *X *External FASTCALL
_snwprintf . . . . . . . . . . .        P Near64 00000000 No Seg   *X *External FASTCALL
_stbuf . . . . . . . . . . . . .        P Near64 00000000 No Seg   *X *External FASTCALL
_vsnprintf . . . . . . . . . . .        P Near64 00000000 No Seg   *X *External FASTCALL
_vsnwprintf  . . . . . . . . . .        P Near64 00000000 No Seg   *X *External FASTCALL
_wfdopen . . . . . . . . . . . .        P Near64 00000000 No Seg   *X *External FASTCALL
_wfopen  . . . . . . . . . . . .        P Near64 00000000 No Seg   *X *External FASTCALL
_wfreopen  . . . . . . . . . . .        P Near64 00000000 No Seg   *X *External FASTCALL
_wfsopenproto  . . . . . . . . .        P Near64 00000000 No Seg   *X *External FASTCALL
_woutput . . . . . . . . . . . .        P Near64 00000000 No Seg   *X *External FASTCALL
_wperror . . . . . . . . . . . .        P Near64 00000000 No Seg   *X *External FASTCALL
_wpopen  . . . . . . . . . . . .        P Near64 00000000 No Seg   *X *External FASTCALL
_wremove . . . . . . . . . . . .        P Near64 00000000 No Seg   *X *External FASTCALL
_wtempnam  . . . . . . . . . . .        P Near64 00000000 No Seg   *X *External FASTCALL
_wtmpnam . . . . . . . . . . . .        P Near64 00000000 No Seg   *X *External FASTCALL
fclose . . . . . . . . . . . . .        P Near64 00000000 No Seg   *X *External FASTCALL
feof . . . . . . . . . . . . . .        P Near64 00000000 No Seg   *X *External FASTCALL
fflush . . . . . . . . . . . . .        P Near64 00000000 No Seg   *X *External FASTCALL
fgetc  . . . . . . . . . . . . .        P Near64 00000000 No Seg   *X *External FASTCALL
fgets  . . . . . . . . . . . . .        P Near64 00000000 No Seg   *X *External FASTCALL
fgetwc . . . . . . . . . . . . .        P Near64 00000000 No Seg   *X *External FASTCALL
fgetws . . . . . . . . . . . . .        P Near64 00000000 No Seg   *X *External FASTCALL
fopen  . . . . . . . . . . . . .        P Near64 00000000 No Seg   *X *External FASTCALL
fopen_s  . . . . . . . . . . . .        P Near64 00000000 No Seg   *X *External FASTCALL
fprintf  . . . . . . . . . . . .        P Near64 00000000 No Seg   *X *External FASTCALL
fputc  . . . . . . . . . . . . .        P Near64 00000000 No Seg   *X *External FASTCALL
fputs  . . . . . . . . . . . . .        P Near64 00000000 No Seg   *X *External FASTCALL
fputwc . . . . . . . . . . . . .        P Near64 00000000 No Seg   *X *External FASTCALL
fputws . . . . . . . . . . . . .        P Near64 00000000 No Seg   *X *External FASTCALL
fread  . . . . . . . . . . . . .        P Near64 00000000 No Seg   *X *External FASTCALL
fseek  . . . . . . . . . . . . .        P Near64 00000000 No Seg   *X *External FASTCALL
ftell  . . . . . . . . . . . . .        P Near64 00000000 No Seg   *X *External FASTCALL
ftobufin . . . . . . . . . . . .        P Near64 00000000 No Seg   *X *External FASTCALL
fwprintf . . . . . . . . . . . .        P Near64 00000000 No Seg   *X *External FASTCALL
fwrite . . . . . . . . . . . . .        P Near64 00000000 No Seg   *X *External FASTCALL
fwscanf  . . . . . . . . . . . .        P Near64 00000000 No Seg   *X *External FASTCALL
getc . . . . . . . . . . . . . .        P Near64 00000000 No Seg   *X *External FASTCALL
getchar  . . . . . . . . . . . .        P Near64 00000000 No Seg   *X *External FASTCALL
getwc  . . . . . . . . . . . . .        P Near64 00000000 No Seg   *X *External FASTCALL
getwchar . . . . . . . . . . . .        P Near64 00000000 No Seg   *X *External FASTCALL
perror . . . . . . . . . . . . .        P Near64 00000000 No Seg   *X *External FASTCALL
printf . . . . . . . . . . . . .        P Near64 00000000 No Seg   *X *External FASTCALL
puts . . . . . . . . . . . . . .        P Near64 00000000 No Seg   *X *External FASTCALL
putwc  . . . . . . . . . . . . .        P Near64 00000000 No Seg   *X *External FASTCALL
putwchar . . . . . . . . . . . .        P Near64 00000000 No Seg   *X *External FASTCALL
rewind . . . . . . . . . . . . .        P Near64 00000000 No Seg   *X *External FASTCALL
scanf  . . . . . . . . . . . . .        P Near64 00000000 No Seg   *X *External FASTCALL
setbuf . . . . . . . . . . . . .        P Near64 00000000 No Seg   *X *External FASTCALL
setvbuf  . . . . . . . . . . . .        P Near64 00000000 No Seg   *X *External FASTCALL
sprintf  . . . . . . . . . . . .        P Near64 00000000 No Seg   *X *External FASTCALL
swprintf . . . . . . . . . . . .        P Near64 00000000 No Seg   *X *External FASTCALL
swprintf_s . . . . . . . . . . .        P Near64 00000000 No Seg   *X *External FASTCALL
swscanf  . . . . . . . . . . . .        P Near64 00000000 No Seg   *X *External FASTCALL
swscanf_s  . . . . . . . . . . .        P Near64 00000000 No Seg   *X *External FASTCALL
ungetc . . . . . . . . . . . . .        P Near64 00000000 No Seg   *X *External FASTCALL
ungetwc  . . . . . . . . . . . .        P Near64 00000000 No Seg   *X *External FASTCALL
vfprintf . . . . . . . . . . . .        P Near64 00000000 No Seg   *X *External FASTCALL
vfwprintf  . . . . . . . . . . .        P Near64 00000000 No Seg   *X *External FASTCALL
vsprintf . . . . . . . . . . . .        P Near64 00000000 No Seg   *X *External FASTCALL
vswprintf  . . . . . . . . . . .        P Near64 00000000 No Seg   *X *External FASTCALL
vwprintf . . . . . . . . . . . .        P Near64 00000000 No Seg   *X *External FASTCALL
wprintf  . . . . . . . . . . . .        P Near64 00000000 No Seg   *X *External FASTCALL
wscanf . . . . . . . . . . . . .        P Near64 00000000 No Seg   *X *External FASTCALL


Symbols:

                N a m e                 Type       Value     Attr

DBG_UNREFERENCED_LOCAL_VARIABLE         Text   UNREFERENCED_PARAMETER
DBG_UNREFERENCED_PARAMETER . . .        Text   UNREFERENCED_PARAMETER
EOF  . . . . . . . . . . . . . .        Number     -00000001h 
FALSE  . . . . . . . . . . . . .        Number             0h 
FILENAME_MAX . . . . . . . . . .        Number           104h 
LONGDOUBLE_IS_DOUBLE . . . . . .        Number             0h 
LONG_IS_INT  . . . . . . . . . .        Number             1h 
NTDDI_LONGHORN . . . . . . . . .        Number       6000000h 
NTDDI_VERSION  . . . . . . . . .        Number       6010000h 
NTDDI_VISTA  . . . . . . . . . .        Number       6000000h 
NTDDI_VISTASP1 . . . . . . . . .        Number       6000100h 
NTDDI_VISTASP2 . . . . . . . . .        Number       6000200h 
NTDDI_VISTASP3 . . . . . . . . .        Number       6000300h 
NTDDI_VISTASP4 . . . . . . . . .        Number       6000400h 
NTDDI_WIN10  . . . . . . . . . .        Number       A000000h 
NTDDI_WIN10_19H1 . . . . . . . .        Number       A000007h 
NTDDI_WIN10_MN . . . . . . . . .        Number       A000009h 
NTDDI_WIN10_RS1  . . . . . . . .        Number       A000002h 
NTDDI_WIN10_RS2  . . . . . . . .        Number       A000003h 
NTDDI_WIN10_RS3  . . . . . . . .        Number       A000004h 
NTDDI_WIN10_RS4  . . . . . . . .        Number       A000005h 
NTDDI_WIN10_RS5  . . . . . . . .        Number       A000006h 
NTDDI_WIN10_TH2  . . . . . . . .        Number       A000001h 
NTDDI_WIN10_VB . . . . . . . . .        Number       A000008h 
NTDDI_WIN2003  . . . . . . . . .        Number       5000000h 
NTDDI_WIN2K  . . . . . . . . . .        Number       5000000h 
NTDDI_WIN2KSP1 . . . . . . . . .        Number       5000100h 
NTDDI_WIN2KSP2 . . . . . . . . .        Number       5000200h 
NTDDI_WIN2KSP3 . . . . . . . . .        Number       5000300h 
NTDDI_WIN2KSP4 . . . . . . . . .        Number       5000400h 
NTDDI_WIN6 . . . . . . . . . . .        Number       6000000h 
NTDDI_WIN6SP1  . . . . . . . . .        Number       6000100h 
NTDDI_WIN6SP2  . . . . . . . . .        Number       6000200h 
NTDDI_WIN6SP3  . . . . . . . . .        Number       6000300h 
NTDDI_WIN6SP4  . . . . . . . . .        Number       6000400h 
NTDDI_WIN7 . . . . . . . . . . .        Number       6010000h 
NTDDI_WIN7SP1  . . . . . . . . .        Number       6010100h 
NTDDI_WIN8 . . . . . . . . . . .        Number       6020000h 
NTDDI_WINBLUE  . . . . . . . . .        Number       6030000h 
NTDDI_WINTHRESHOLD . . . . . . .        Number       A000000h 
NTDDI_WINXP  . . . . . . . . . .        Number       5010000h 
NTDDI_WINXPSP1 . . . . . . . . .        Number       5010100h 
NTDDI_WINXPSP2 . . . . . . . . .        Number       5010200h 
NTDDI_WINXPSP3 . . . . . . . . .        Number       5010300h 
NTDDI_WINXPSP4 . . . . . . . . .        Number       5010400h 
NTDDI_WS03 . . . . . . . . . . .        Number       5020000h 
NTDDI_WS03SP1  . . . . . . . . .        Number       5020100h 
NTDDI_WS03SP2  . . . . . . . . .        Number       5020200h 
NTDDI_WS03SP3  . . . . . . . . .        Number       5020300h 
NTDDI_WS03SP4  . . . . . . . . .        Number       5020400h 
NTDDI_WS08 . . . . . . . . . . .        Number       6000100h 
NTDDI_WS08SP2  . . . . . . . . .        Number       6000200h 
NTDDI_WS08SP3  . . . . . . . . .        Number       6000300h 
NTDDI_WS08SP4  . . . . . . . . .        Number       6000400h 
NULL . . . . . . . . . . . . . .        Number             0h 
OSVERSION_MASK . . . . . . . . .        Number      FFFF0000h 
PSAPI_VERSION  . . . . . . . . .        Number             0h 
PTR_IS_INT . . . . . . . . . . .        Number             0h 
PTR_IS_LONG  . . . . . . . . . .        Number             0h 
SEEK_CUR . . . . . . . . . . . .        Number             1h 
SEEK_END . . . . . . . . . . . .        Number             2h 
SEEK_SET . . . . . . . . . . . .        Number             0h 
SHORT_IS_INT . . . . . . . . . .        Number             0h 
SPVERSION_MASK . . . . . . . . .        Number          FF00h 
SUBVERSION_MASK  . . . . . . . .        Number            FFh 
TRUE . . . . . . . . . . . . . .        Number             1h 
WDK_NTDDI_VERSION  . . . . . . .        Number       A000008h 
WINAPI . . . . . . . . . . . . .        Text   fastcall
WINVER . . . . . . . . . . . . .        Number           601h 
_AMD64_  . . . . . . . . . . . .        Number             0h 
_CALLBACK_DEFINED  . . . . . . .        Number             0h 
_CDecl . . . . . . . . . . . . .        Text   fastcall
_CType . . . . . . . . . . . . .        Text   fastcall
_ERRNO_T_DEFINED . . . . . . . .        Number             0h 
_FILE_DEFINED  . . . . . . . . .        Number             0h 
_INC_SDKDDKVER . . . . . . . . .        Number             0h 
_INTEGRAL_MAX_BITS . . . . . . .        Number            40h 
_INTIOBUF  . . . . . . . . . . .        Number          1000h 
_INTPTR_T_DEFINED  . . . . . . .        Number             0h 
_IOCOMMIT  . . . . . . . . . . .        Number          4000h 
_IOCTRLZ . . . . . . . . . . . .        Number          2000h 
_IOEOF . . . . . . . . . . . . .        Number            10h 
_IOERR . . . . . . . . . . . . .        Number            20h 
_IOFBF . . . . . . . . . . . . .        Number             0h 
_IOFEOF  . . . . . . . . . . . .        Number           800h 
_IOFLRTN . . . . . . . . . . . .        Number          1000h 
_IOLBF . . . . . . . . . . . . .        Number            40h 
_IOMYBUF . . . . . . . . . . . .        Number             8h 
_IONBF . . . . . . . . . . . . .        Number             4h 
_IOREAD  . . . . . . . . . . . .        Number             1h 
_IORW  . . . . . . . . . . . . .        Number            80h 
_IOSETVBUF . . . . . . . . . . .        Number           400h 
_IOSTRG  . . . . . . . . . . . .        Number            40h 
_IOWRT . . . . . . . . . . . . .        Number             2h 
_IOYOURBUF . . . . . . . . . . .        Number           100h 
_MAXIOBUF  . . . . . . . . . . .        Number          4000h 
_MINIOBUF  . . . . . . . . . . .        Number           200h 
_MSC_FULL_VER  . . . . . . . . .        Number       A21FE80h 
_MSC_VER . . . . . . . . . . . .        Number           6A4h 
_M_AMD64 . . . . . . . . . . . .        Number            64h 
_M_X64 . . . . . . . . . . . . .        Number            64h 
_NSTREAM_  . . . . . . . . . . .        Number            14h 
_NT_TARGET_VERSION_WIN10_RS4 . .        Number           A05h 
_REGS6432  . . . . . . . . . . .        Number             0h 
_TCHAR_DEFINED . . . . . . . . .        Number             0h 
_WCHAR_T_DEFINED . . . . . . . .        Number             0h 
_WCTYPE_T_DEFINED  . . . . . . .        Number             0h 
_WIN32 . . . . . . . . . . . . .        Number             0h 
_WIN32_IE  . . . . . . . . . . .        Number           800h 
_WIN32_IE_IE100  . . . . . . . .        Number           A00h 
_WIN32_IE_IE110  . . . . . . . .        Number           A00h 
_WIN32_IE_IE20 . . . . . . . . .        Number           200h 
_WIN32_IE_IE30 . . . . . . . . .        Number           300h 
_WIN32_IE_IE302  . . . . . . . .        Number           302h 
_WIN32_IE_IE40 . . . . . . . . .        Number           400h 
_WIN32_IE_IE401  . . . . . . . .        Number           401h 
_WIN32_IE_IE50 . . . . . . . . .        Number           500h 
_WIN32_IE_IE501  . . . . . . . .        Number           501h 
_WIN32_IE_IE55 . . . . . . . . .        Number           550h 
_WIN32_IE_IE60 . . . . . . . . .        Number           600h 
_WIN32_IE_IE60SP1  . . . . . . .        Number           601h 
_WIN32_IE_IE60SP2  . . . . . . .        Number           603h 
_WIN32_IE_IE70 . . . . . . . . .        Number           700h 
_WIN32_IE_IE80 . . . . . . . . .        Number           800h 
_WIN32_IE_IE90 . . . . . . . . .        Number           900h 
_WIN32_IE_LONGHORN . . . . . . .        Number           700h 
_WIN32_IE_NT4  . . . . . . . . .        Number           200h 
_WIN32_IE_NT4SP1 . . . . . . . .        Number           200h 
_WIN32_IE_NT4SP2 . . . . . . . .        Number           200h 
_WIN32_IE_NT4SP3 . . . . . . . .        Number           302h 
_WIN32_IE_NT4SP4 . . . . . . . .        Number           401h 
_WIN32_IE_NT4SP5 . . . . . . . .        Number           401h 
_WIN32_IE_NT4SP6 . . . . . . . .        Number           500h 
_WIN32_IE_WIN10  . . . . . . . .        Number           A00h 
_WIN32_IE_WIN2K  . . . . . . . .        Number           501h 
_WIN32_IE_WIN2KSP1 . . . . . . .        Number           501h 
_WIN32_IE_WIN2KSP2 . . . . . . .        Number           501h 
_WIN32_IE_WIN2KSP3 . . . . . . .        Number           501h 
_WIN32_IE_WIN2KSP4 . . . . . . .        Number           501h 
_WIN32_IE_WIN6 . . . . . . . . .        Number           700h 
_WIN32_IE_WIN7 . . . . . . . . .        Number           800h 
_WIN32_IE_WIN8 . . . . . . . . .        Number           A00h 
_WIN32_IE_WIN98  . . . . . . . .        Number           401h 
_WIN32_IE_WIN98SE  . . . . . . .        Number           500h 
_WIN32_IE_WINBLUE  . . . . . . .        Number           A00h 
_WIN32_IE_WINME  . . . . . . . .        Number           550h 
_WIN32_IE_WINTHRESHOLD . . . . .        Number           A00h 
_WIN32_IE_WS03 . . . . . . . . .        Number           602h 
_WIN32_IE_WS03SP1  . . . . . . .        Number           603h 
_WIN32_IE_XP . . . . . . . . . .        Number           600h 
_WIN32_IE_XPSP1  . . . . . . . .        Number           601h 
_WIN32_IE_XPSP2  . . . . . . . .        Number           603h 
_WIN32_WINDOWS . . . . . . . . .        Number           410h 
_WIN32_WINNT . . . . . . . . . .        Number           601h 
_WIN32_WINNT_LONGHORN  . . . . .        Number           600h 
_WIN32_WINNT_NT4 . . . . . . . .        Number           400h 
_WIN32_WINNT_VISTA . . . . . . .        Number           600h 
_WIN32_WINNT_WIN10 . . . . . . .        Number           A00h 
_WIN32_WINNT_WIN10_RS1 . . . . .        Number           A02h 
_WIN32_WINNT_WIN10_RS2 . . . . .        Number           A03h 
_WIN32_WINNT_WIN10_RS3 . . . . .        Number           A04h 
_WIN32_WINNT_WIN10_RS4 . . . . .        Number           A05h 
_WIN32_WINNT_WIN10_RS5 . . . . .        Number           A06h 
_WIN32_WINNT_WIN10_TH2 . . . . .        Number           A01h 
_WIN32_WINNT_WIN2K . . . . . . .        Number           500h 
_WIN32_WINNT_WIN6  . . . . . . .        Number           600h 
_WIN32_WINNT_WIN7  . . . . . . .        Number           601h 
_WIN32_WINNT_WIN8  . . . . . . .        Number           602h 
_WIN32_WINNT_WINBLUE . . . . . .        Number           603h 
_WIN32_WINNT_WINTHRESHOLD  . . .        Number           A00h 
_WIN32_WINNT_WINXP . . . . . . .        Number           501h 
_WIN32_WINNT_WS03  . . . . . . .        Number           502h 
_WIN32_WINNT_WS08  . . . . . . .        Number           600h 
_WINNT_WINNT . . . . . . . . . .        Number           601h 
_WSTDIO_DEFINED  . . . . . . . .        Number             0h 
__LIBC_INC . . . . . . . . . . .        Number             0h 
__LIBC__ . . . . . . . . . . . .        Number            EAh 
__STDC__ . . . . . . . . . . . .        Number             0h 
__STDIO_INC  . . . . . . . . . .        Number             0h 
__cdecl  . . . . . . . . . . . .        Text   fastcall
_bufin . . . . . . . . . . . . .        Byte[4096]         0h _DATA Public FASTCALL
_iob . . . . . . . . . . . . . .        _iobuf             0h *External FASTCALL
_osfhnd  . . . . . . . . . . . .        Near               0h *External FASTCALL
false  . . . . . . . . . . . . .        Number             0h 
nullptr  . . . . . . . . . . . .        Number             0h 
stderr . . . . . . . . . . . . .        Near               0h *External FASTCALL
stdin  . . . . . . . . . . . . .        Near               0h *External FASTCALL
stdout . . . . . . . . . . . . .        Near               0h *External FASTCALL
true . . . . . . . . . . . . . .        Number             1h 

